<?xml version="1.0" encoding="UTF-8"?>
<TestRun id="6d2ccf25-2a8e-4e93-910c-a594384eb1c4" name="Juan@CARMEN-PC 2014-11-15 00:03:17" runUser="Carmen-PC\Juan" xmlns="http://microsoft.com/schemas/VisualStudio/TeamTest/2010">
  <TestSettings name="Local" id="6cc9f80f-8da3-4d6e-8519-ba94529b53ec">
    <Description>These are default test settings for a local test run.</Description>
    <Deployment enabled="false" runDeploymentRoot="Juan_CARMEN-PC 2014-11-15 00_03_17">
      <DeploymentItem filename="C:\Users\Juan\Documents\Visual Studio 2010\Projects\topCoderPracticeMarketing\topCoderPracticeMaketing\topCoderPracticeMarketing\bin\Debug\topCoderPracticeMarketing.exe" />
    </Deployment>
    <Execution>
      <TestTypeSpecific />
      <AgentRule name="Execution Agents">
      </AgentRule>
    </Execution>
  </TestSettings>
  <Times creation="2014-11-15T00:03:17.0410044-05:00" queuing="2014-11-15T00:03:17.0770065-05:00" start="2014-11-15T00:03:17.2150144-05:00" finish="2014-11-15T00:03:17.9800581-05:00" />
  <ResultSummary outcome="Completed">
    <Counters total="1" executed="1" passed="1" error="0" failed="0" timeout="0" aborted="0" inconclusive="0" passedButRunAborted="0" notRunnable="0" notExecuted="0" disconnected="0" warning="0" completed="0" inProgress="0" pending="0" />
  </ResultSummary>
  <TestDefinitions>
    <UnitTest name="loadDataAsBooleanDataTest4" storage="c:\users\juan\documents\visual studio 2010\projects\topcoderpracticemarketing\topcoderpracticemaketing\testproject1\bin\debug\testproject1.dll" id="b4fae5f7-3945-afea-ef0d-00a89ddc353d">
      <Execution id="4c7c34c7-9fae-4f66-beef-fa0dec2462d7" />
      <TestMethod codeBase="C:/Users/Juan/Documents/Visual Studio 2010/Projects/topCoderPracticeMarketing/topCoderPracticeMaketing/TestProject1/bin/Debug/TestProject1.DLL" adapterTypeName="Microsoft.VisualStudio.TestTools.TestTypes.Unit.UnitTestAdapter, Microsoft.VisualStudio.QualityTools.Tips.UnitTest.Adapter, Version=10.0.0.0, Culture=neutral, PublicKeyToken=b03f5f7f11d50a3a" className="TestProject1.SolverTest, TestProject1, Version=1.0.0.0, Culture=neutral, PublicKeyToken=null" name="loadDataAsBooleanDataTest4" />
    </UnitTest>
  </TestDefinitions>
  <TestLists>
    <TestList name="Results Not in a List" id="8c84fa94-04c1-424b-9868-57a2d4851a1d" />
    <TestList name="All Loaded Results" id="19431567-8539-422a-85d7-44ee4e166bda" />
  </TestLists>
  <TestEntries>
    <TestEntry testId="b4fae5f7-3945-afea-ef0d-00a89ddc353d" executionId="4c7c34c7-9fae-4f66-beef-fa0dec2462d7" testListId="8c84fa94-04c1-424b-9868-57a2d4851a1d" />
  </TestEntries>
  <Results>
    <UnitTestResult executionId="4c7c34c7-9fae-4f66-beef-fa0dec2462d7" testId="b4fae5f7-3945-afea-ef0d-00a89ddc353d" testName="loadDataAsBooleanDataTest4" computerName="CARMEN-PC" duration="00:00:00.0986986" startTime="2014-11-15T00:03:17.3020194-05:00" endTime="2014-11-15T00:03:17.9450561-05:00" testType="13cdc9d9-ddb5-4fa4-a97d-d965ccfc6d4b" outcome="Passed" testListId="8c84fa94-04c1-424b-9868-57a2d4851a1d" relativeResultsDirectory="4c7c34c7-9fae-4f66-beef-fa0dec2462d7">
    </UnitTestResult>
  </Results>
</TestRun>